Usage: [--project PROJECT] [--include-tests] [--bail-on-error] <TARGET>

Available positional items:
    <TARGET>  target, like //erl/chatd/...

Available options:
        --project <PROJECT>  Path to directory with project, or to a JSON file (defaults to `.`)
        --include-tests      Also eqwalize test modules from project
        --bail-on-error      Exit with a non-zero status code if any errors are found
    -h, --help               Prints help information
