Usage: [--project PROJECT] [--as PROFILE] [[--format FORMAT]] [--rebar] [--include-tests] [--bail-on-error] [--stats] [--list-modules]

Available options:
        --project <PROJECT>  Path to directory with project, or to a JSON file (defaults to `.`)
        --as <PROFILE>       Rebar3 profile to pickup (default is test)
        --format <FORMAT>    Show diagnostics in JSON format
        --rebar              Run with rebar
        --include-tests      Also eqwalize test modules from project
        --bail-on-error      Exit with a non-zero status code if any errors are found
        --stats              Print statistics when done
        --list-modules       When printing statistics, include the list of modules parsed
    -h, --help               Prints help information
